// Jest Snapshot v1, https://goo.gl/fbAQLP

exports[`NewsItem should render correctly 1`] = `ShallowWrapper {}`;
