// Jest Snapshot v1, https://goo.gl/fbAQLP

exports[`Search Box should render correctly 1`] = `ShallowWrapper {}`;
